[36m[0m[36m┏[0m[36m━━[0m [32mhello there[0m [36m━━━━━━━━━━━━━━━━━━━━━━━━━━━━━━━━━━━━━━━━━━━━━━━━━━━━━━━━━━[0m
[36m┃ [0mContent is properly indented
[36m[0m[36m┗[0m[36m━━━━━━━━━━━━━━━━━━━━━━━━━━━━━━━━━━━━━━━━━━━━━━━━━━━━━━━━━━━[0m (27.727µs) [36m━━[0m
