[36m[0m[36m┏[0m[36m━━[0m [32mSymlink dotfiles[0m [36m━━━━━━━━━━━━━━━━━━━━━━━━━━━━━━━━━━━━━━━━━━━━━━━━━━━━━[0m
[36m┃ [0mNothing to do here
[36m[0m[36m┗[0m[36m━━━━━━━━━━━━━━━━━━━━━━━━━━━━━━━━━━━━━━━━━━━━━━━━━━━━━━━━━━━━━[0m (7.56µs) [36m━━[0m
