Version: 0.1.0-alpha
Build SHA: 123abc
Build date: right now
